// Jest Snapshot v1, https://goo.gl/fbAQLP

exports[`renders correctly 1`] = `
<div
  className="rn-alignItems-1oszu61 rn-borderTopStyle-1efd50x rn-borderRightStyle-14skgim rn-borderBottomStyle-rull8r rn-borderLeftStyle-mm0ijv rn-borderTopWidth-13yce4e rn-borderRightWidth-fnigne rn-borderBottomWidth-ndvcnb rn-borderLeftWidth-gxnn5r rn-boxSizing-deolkf rn-display-6koalj rn-flexShrink-1qe8dj5 rn-flexBasis-1mlwlqe rn-flexDirection-eqz5dr rn-marginTop-1mnahxq rn-marginRight-61z16t rn-marginBottom-p1pxzi rn-marginLeft-11wrixw rn-minHeight-ifefl9 rn-minWidth-bcqeeo rn-paddingTop-wk8lta rn-paddingRight-9aemit rn-paddingBottom-1mdbw0j rn-paddingLeft-gy4na3 rn-position-bnwqim"
>
  <div
    className="rn-borderTopWidth-13yce4e rn-borderRightWidth-fnigne rn-borderBottomWidth-ndvcnb rn-borderLeftWidth-gxnn5r rn-color-homxoj rn-display-1471scf rn-font-1lw9tu2 rn-marginTop-1mnahxq rn-marginRight-61z16t rn-marginLeft-11wrixw rn-marginBottom-15d164r rn-paddingTop-wk8lta rn-paddingRight-9aemit rn-paddingBottom-1mdbw0j rn-paddingLeft-gy4na3 rn-textDecoration-bauka4 rn-whiteSpace-q42fyq rn-wordWrap-qvutc0"
    dir="auto"
  >
    Select gender
  </div>
  <div
    className="rn-alignItems-1oszu61 rn-backgroundColor-1x1ck7x rn-borderTopColor-y50eey rn-borderRightColor-ud6uqq rn-borderBottomColor-1yzjyx5 rn-borderLeftColor-1nvevbe rn-borderTopLeftRadius-3v92ek rn-borderTopRightRadius-fm6ini rn-borderBottomRightRadius-x4nnad rn-borderBottomLeftRadius-1rz6xei rn-borderTopStyle-1efd50x rn-borderRightStyle-14skgim rn-borderBottomStyle-rull8r rn-borderLeftStyle-mm0ijv rn-borderTopWidth-5kkj8d rn-borderRightWidth-13l2t4g rn-borderBottomWidth-qklmqi rn-borderLeftWidth-1ljd8xs rn-boxSizing-deolkf rn-cursor-1loqt21 rn-display-6koalj rn-flexShrink-1qe8dj5 rn-flexBasis-1mlwlqe rn-flexDirection-eqz5dr rn-marginTop-1g94qm0 rn-marginBottom-d0pm55 rn-marginLeft-1n0xq6e rn-marginRight-zso239 rn-minHeight-ifefl9 rn-minWidth-bcqeeo rn-paddingTop-m611by rn-paddingRight-1qfoi16 rn-paddingBottom-1mi0q7o rn-paddingLeft-1hfyk0a rn-position-bnwqim rn-transitionDuration-eafdt9 rn-transitionProperty-1i6wzkk rn-userSelect-lrvibr"
    onKeyDown={[Function]}
    onKeyPress={[Function]}
    onKeyUp={[Function]}
    onResponderGrant={[Function]}
    onResponderMove={[Function]}
    onResponderRelease={[Function]}
    onResponderTerminate={[Function]}
    onResponderTerminationRequest={[Function]}
    onStartShouldSetResponder={[Function]}
    tabIndex="0"
  >
    <div
      className="rn-alignItems-1awozwy rn-borderTopStyle-1efd50x rn-borderRightStyle-14skgim rn-borderBottomStyle-rull8r rn-borderLeftStyle-mm0ijv rn-borderTopWidth-13yce4e rn-borderRightWidth-fnigne rn-borderBottomWidth-ndvcnb rn-borderLeftWidth-gxnn5r rn-boxSizing-deolkf rn-display-6koalj rn-flexShrink-1qe8dj5 rn-flexBasis-1mlwlqe rn-flexDirection-18u37iz rn-marginTop-1mnahxq rn-marginRight-61z16t rn-marginBottom-p1pxzi rn-marginLeft-11wrixw rn-minHeight-ifefl9 rn-minWidth-bcqeeo rn-paddingTop-wk8lta rn-paddingRight-9aemit rn-paddingBottom-1mdbw0j rn-paddingLeft-gy4na3 rn-position-bnwqim"
    >
      <div
        className="rn-borderTopWidth-13yce4e rn-borderRightWidth-fnigne rn-borderBottomWidth-ndvcnb rn-borderLeftWidth-gxnn5r rn-display-1471scf rn-font-1lw9tu2 rn-marginTop-1mnahxq rn-marginRight-61z16t rn-marginBottom-p1pxzi rn-marginLeft-11wrixw rn-paddingTop-wk8lta rn-paddingRight-9aemit rn-paddingBottom-1mdbw0j rn-paddingLeft-gy4na3 rn-textDecoration-bauka4 rn-whiteSpace-q42fyq rn-wordWrap-qvutc0"
        dir="auto"
        onLongPress={undefined}
        style={
          Object {
            "color": "rgba(191,191,191,1)",
            "fontFamily": "FontAwesome",
            "fontSize": "24px",
            "fontStyle": "normal",
            "fontWeight": "normal",
          }
        }
      >
        
      </div>
      <div
        className="rn-borderTopWidth-13yce4e rn-borderRightWidth-fnigne rn-borderBottomWidth-ndvcnb rn-borderLeftWidth-gxnn5r rn-color-1x2jf8t rn-display-1471scf rn-font-1lw9tu2 rn-marginTop-1mnahxq rn-marginBottom-p1pxzi rn-marginLeft-1n0xq6e rn-marginRight-zso239 rn-paddingTop-wk8lta rn-paddingRight-9aemit rn-paddingBottom-1mdbw0j rn-paddingLeft-gy4na3 rn-textDecoration-bauka4 rn-whiteSpace-q42fyq rn-wordWrap-qvutc0"
        dir="auto"
      >
        male
      </div>
    </div>
  </div>
  <div
    className="rn-alignItems-1oszu61 rn-backgroundColor-1x1ck7x rn-borderTopColor-y50eey rn-borderRightColor-ud6uqq rn-borderBottomColor-1yzjyx5 rn-borderLeftColor-1nvevbe rn-borderTopLeftRadius-3v92ek rn-borderTopRightRadius-fm6ini rn-borderBottomRightRadius-x4nnad rn-borderBottomLeftRadius-1rz6xei rn-borderTopStyle-1efd50x rn-borderRightStyle-14skgim rn-borderBottomStyle-rull8r rn-borderLeftStyle-mm0ijv rn-borderTopWidth-5kkj8d rn-borderRightWidth-13l2t4g rn-borderBottomWidth-qklmqi rn-borderLeftWidth-1ljd8xs rn-boxSizing-deolkf rn-cursor-1loqt21 rn-display-6koalj rn-flexShrink-1qe8dj5 rn-flexBasis-1mlwlqe rn-flexDirection-eqz5dr rn-marginTop-1g94qm0 rn-marginBottom-d0pm55 rn-marginLeft-1n0xq6e rn-marginRight-zso239 rn-minHeight-ifefl9 rn-minWidth-bcqeeo rn-paddingTop-m611by rn-paddingRight-1qfoi16 rn-paddingBottom-1mi0q7o rn-paddingLeft-1hfyk0a rn-position-bnwqim rn-transitionDuration-eafdt9 rn-transitionProperty-1i6wzkk rn-userSelect-lrvibr"
    onKeyDown={[Function]}
    onKeyPress={[Function]}
    onKeyUp={[Function]}
    onResponderGrant={[Function]}
    onResponderMove={[Function]}
    onResponderRelease={[Function]}
    onResponderTerminate={[Function]}
    onResponderTerminationRequest={[Function]}
    onStartShouldSetResponder={[Function]}
    tabIndex="0"
  >
    <div
      className="rn-alignItems-1awozwy rn-borderTopStyle-1efd50x rn-borderRightStyle-14skgim rn-borderBottomStyle-rull8r rn-borderLeftStyle-mm0ijv rn-borderTopWidth-13yce4e rn-borderRightWidth-fnigne rn-borderBottomWidth-ndvcnb rn-borderLeftWidth-gxnn5r rn-boxSizing-deolkf rn-display-6koalj rn-flexShrink-1qe8dj5 rn-flexBasis-1mlwlqe rn-flexDirection-18u37iz rn-marginTop-1mnahxq rn-marginRight-61z16t rn-marginBottom-p1pxzi rn-marginLeft-11wrixw rn-minHeight-ifefl9 rn-minWidth-bcqeeo rn-paddingTop-wk8lta rn-paddingRight-9aemit rn-paddingBottom-1mdbw0j rn-paddingLeft-gy4na3 rn-position-bnwqim"
    >
      <div
        className="rn-borderTopWidth-13yce4e rn-borderRightWidth-fnigne rn-borderBottomWidth-ndvcnb rn-borderLeftWidth-gxnn5r rn-display-1471scf rn-font-1lw9tu2 rn-marginTop-1mnahxq rn-marginRight-61z16t rn-marginBottom-p1pxzi rn-marginLeft-11wrixw rn-paddingTop-wk8lta rn-paddingRight-9aemit rn-paddingBottom-1mdbw0j rn-paddingLeft-gy4na3 rn-textDecoration-bauka4 rn-whiteSpace-q42fyq rn-wordWrap-qvutc0"
        dir="auto"
        onLongPress={undefined}
        style={
          Object {
            "color": "rgba(191,191,191,1)",
            "fontFamily": "FontAwesome",
            "fontSize": "24px",
            "fontStyle": "normal",
            "fontWeight": "normal",
          }
        }
      >
        
      </div>
      <div
        className="rn-borderTopWidth-13yce4e rn-borderRightWidth-fnigne rn-borderBottomWidth-ndvcnb rn-borderLeftWidth-gxnn5r rn-color-1x2jf8t rn-display-1471scf rn-font-1lw9tu2 rn-marginTop-1mnahxq rn-marginBottom-p1pxzi rn-marginLeft-1n0xq6e rn-marginRight-zso239 rn-paddingTop-wk8lta rn-paddingRight-9aemit rn-paddingBottom-1mdbw0j rn-paddingLeft-gy4na3 rn-textDecoration-bauka4 rn-whiteSpace-q42fyq rn-wordWrap-qvutc0"
        dir="auto"
      >
        female
      </div>
    </div>
  </div>
</div>
`;
